2023-09-13T15:30:35.2869285Z Requested labels: ubuntu-latest
2023-09-13T15:30:35.2869573Z Job defined at: github/explore/.github/workflows/test.yml@refs/pull/3909/merge
2023-09-13T15:30:35.2869689Z Waiting for a runner to pick up this job...
2023-09-13T15:30:36.4587364Z Job is waiting for a hosted runner to come online.
2023-09-13T15:30:40.1481807Z Job is about to start running on the hosted runner: GitHub Actions 142 (hosted)
2023-09-13T15:30:45.0702746Z Current runner version: '2.309.0'
2023-09-13T15:30:45.0730432Z ##[group]Operating System
2023-09-13T15:30:45.0731062Z Ubuntu
2023-09-13T15:30:45.0731379Z 22.04.3
2023-09-13T15:30:45.0731615Z LTS
2023-09-13T15:30:45.0732078Z ##[endgroup]
2023-09-13T15:30:45.0732411Z ##[group]Runner Image
2023-09-13T15:30:45.0732734Z Image: ubuntu-22.04
2023-09-13T15:30:45.0733064Z Version: 20230911.1.0
2023-09-13T15:30:45.0733590Z Included Software: https://github.com/actions/runner-images/blob/ubuntu22/20230911.1/images/linux/Ubuntu2204-Readme.md
2023-09-13T15:30:45.0734308Z Image Release: https://github.com/actions/runner-images/releases/tag/ubuntu22%2F20230911.1
2023-09-13T15:30:45.0734724Z ##[endgroup]
2023-09-13T15:30:45.0735093Z ##[group]Runner Image Provisioner
2023-09-13T15:30:45.0735467Z 2.0.299.1
2023-09-13T15:30:45.0735729Z ##[endgroup]
2023-09-13T15:30:45.0736752Z ##[group]GITHUB_TOKEN Permissions
2023-09-13T15:30:45.0738603Z Actions: read
2023-09-13T15:30:45.0738944Z Checks: read
2023-09-13T15:30:45.0739577Z Contents: read
2023-09-13T15:30:45.0739974Z Deployments: read
2023-09-13T15:30:45.0740324Z Discussions: read
2023-09-13T15:30:45.0740685Z Issues: read
2023-09-13T15:30:45.0741009Z Metadata: read
2023-09-13T15:30:45.0741286Z Packages: read
2023-09-13T15:30:45.0741603Z Pages: read
2023-09-13T15:30:45.0741926Z PullRequests: read
2023-09-13T15:30:45.0742296Z RepositoryProjects: read
2023-09-13T15:30:45.0742668Z SecurityEvents: read
2023-09-13T15:30:45.0743001Z Statuses: read
2023-09-13T15:30:45.0743275Z ##[endgroup]
2023-09-13T15:30:45.0747182Z Secret source: None
2023-09-13T15:30:45.0747817Z Prepare workflow directory
2023-09-13T15:30:45.1516380Z Prepare all required actions
2023-09-13T15:30:45.1709230Z Getting action download info
2023-09-13T15:30:45.3717347Z Download action repository 'actions/checkout@v4' (SHA:3df4ab11eba7bda6032a0b82a6bb43b11571feac)
2023-09-13T15:30:45.7442835Z Download action repository 'ruby/setup-ruby@v1' (SHA:250fcd6a742febb1123a77a841497ccaa8b9e939)
2023-09-13T15:30:46.1157107Z Complete job name: test (all)
2023-09-13T15:30:46.2353482Z ##[group]Run actions/checkout@v4
2023-09-13T15:30:46.2353837Z with:
2023-09-13T15:30:46.2354060Z   fetch-depth: 0
2023-09-13T15:30:46.2354324Z   repository: github/explore
2023-09-13T15:30:46.2354817Z   token: ***
2023-09-13T15:30:46.2355072Z   ssh-strict: true
2023-09-13T15:30:46.2355328Z   persist-credentials: true
2023-09-13T15:30:46.2355586Z   clean: true
2023-09-13T15:30:46.2355852Z   sparse-checkout-cone-mode: true
2023-09-13T15:30:46.2356117Z   fetch-tags: false
2023-09-13T15:30:46.2356366Z   show-progress: true
2023-09-13T15:30:46.2356624Z   lfs: false
2023-09-13T15:30:46.2356837Z   submodules: false
2023-09-13T15:30:46.2357085Z   set-safe-directory: true
2023-09-13T15:30:46.2357332Z ##[endgroup]
2023-09-13T15:30:46.4621055Z Syncing repository: github/explore
2023-09-13T15:30:46.4622932Z ##[group]Getting Git version info
2023-09-13T15:30:46.4623497Z Working directory is '/home/runner/work/explore/explore'
2023-09-13T15:30:46.4624081Z [command]/usr/bin/git version
2023-09-13T15:30:46.4729519Z git version 2.42.0
2023-09-13T15:30:46.4764059Z ##[endgroup]
2023-09-13T15:30:46.4800460Z Temporarily overriding HOME='/home/runner/work/_temp/c5517c90-bca8-4ed9-a8d7-dab4e6be4791' before making global git config changes
2023-09-13T15:30:46.4802786Z Adding repository directory to the temporary git global config as a safe directory
2023-09-13T15:30:46.4809554Z [command]/usr/bin/git config --global --add safe.directory /home/runner/work/explore/explore
2023-09-13T15:30:46.4870090Z Deleting the contents of '/home/runner/work/explore/explore'
2023-09-13T15:30:46.4919530Z ##[group]Initializing the repository
2023-09-13T15:30:46.4920222Z [command]/usr/bin/git init /home/runner/work/explore/explore
2023-09-13T15:30:46.5007511Z hint: Using 'master' as the name for the initial branch. This default branch name
2023-09-13T15:30:46.5008298Z hint: is subject to change. To configure the initial branch name to use in all
2023-09-13T15:30:46.5009285Z hint: of your new repositories, which will suppress this warning, call:
2023-09-13T15:30:46.5010119Z hint: 
2023-09-13T15:30:46.5010939Z hint: 	git config --global init.defaultBranch <name>
2023-09-13T15:30:46.5011405Z hint: 
2023-09-13T15:30:46.5012192Z hint: Names commonly chosen instead of 'master' are 'main', 'trunk' and
2023-09-13T15:30:46.5012896Z hint: 'development'. The just-created branch can be renamed via this command:
2023-09-13T15:30:46.5014718Z hint: 
2023-09-13T15:30:46.5015307Z hint: 	git branch -m <name>
2023-09-13T15:30:46.5026176Z Initialized empty Git repository in /home/runner/work/explore/explore/.git/
2023-09-13T15:30:46.5027423Z [command]/usr/bin/git remote add origin https://github.com/github/explore
2023-09-13T15:30:46.5065115Z ##[endgroup]
2023-09-13T15:30:46.5065624Z ##[group]Disabling automatic garbage collection
2023-09-13T15:30:46.5073094Z [command]/usr/bin/git config --local gc.auto 0
2023-09-13T15:30:46.5103309Z ##[endgroup]
2023-09-13T15:30:46.5103782Z ##[group]Setting up auth
2023-09-13T15:30:46.5113524Z [command]/usr/bin/git config --local --name-only --get-regexp core\.sshCommand
2023-09-13T15:30:46.5146770Z [command]/usr/bin/git submodule foreach --recursive sh -c "git config --local --name-only --get-regexp 'core\.sshCommand' && git config --local --unset-all 'core.sshCommand' || :"
2023-09-13T15:30:46.5494781Z [command]/usr/bin/git config --local --name-only --get-regexp http\.https\:\/\/github\.com\/\.extraheader
2023-09-13T15:30:46.5546221Z [command]/usr/bin/git submodule foreach --recursive sh -c "git config --local --name-only --get-regexp 'http\.https\:\/\/github\.com\/\.extraheader' && git config --local --unset-all 'http.https://github.com/.extraheader' || :"
2023-09-13T15:30:46.5871960Z [command]/usr/bin/git config --local http.https://github.com/.extraheader AUTHORIZATION: basic ***
2023-09-13T15:30:46.5931330Z ##[endgroup]
2023-09-13T15:30:46.5932300Z ##[group]Fetching the repository
2023-09-13T15:30:46.5946825Z [command]/usr/bin/git -c protocol.version=2 fetch --prune --no-recurse-submodules origin +refs/heads/*:refs/remotes/origin/* +refs/tags/*:refs/tags/* +aefd4d479ab49dec35d5d23cdd7342002c9c67c9:refs/remotes/pull/3909/merge
2023-09-13T15:30:49.0261819Z From https://github.com/github/explore
2023-09-13T15:30:49.0262954Z  * [new branch]        gh-pages   -> origin/gh-pages
2023-09-13T15:30:49.0355405Z  * [new branch]        main       -> origin/main
2023-09-13T15:30:49.0355890Z  * [new ref]           aefd4d479ab49dec35d5d23cdd7342002c9c67c9 -> pull/3909/merge
2023-09-13T15:30:49.0356999Z ##[endgroup]
2023-09-13T15:30:49.0357397Z ##[group]Determining the checkout info
2023-09-13T15:30:49.0357772Z ##[endgroup]
2023-09-13T15:30:49.0358128Z ##[group]Checking out the ref
2023-09-13T15:30:49.0358527Z [command]/usr/bin/git checkout --progress --force refs/remotes/pull/3909/merge
2023-09-13T15:30:49.1791446Z Note: switching to 'refs/remotes/pull/3909/merge'.
2023-09-13T15:30:49.1810880Z 
2023-09-13T15:30:49.1811384Z You are in 'detached HEAD' state. You can look around, make experimental
2023-09-13T15:30:49.1811905Z changes and commit them, and you can discard any commits you make in this
2023-09-13T15:30:49.1816948Z state without impacting any branches by switching back to a branch.
2023-09-13T15:30:49.1817184Z 
2023-09-13T15:30:49.1817380Z If you want to create a new branch to retain commits you create, you may
2023-09-13T15:30:49.1817871Z do so (now or later) by using -c with the switch command. Example:
2023-09-13T15:30:49.1818076Z 
2023-09-13T15:30:49.1818240Z   git switch -c <new-branch-name>
2023-09-13T15:30:49.1818401Z 
2023-09-13T15:30:49.1818506Z Or undo this operation with:
2023-09-13T15:30:49.1818656Z 
2023-09-13T15:30:49.1818732Z   git switch -
2023-09-13T15:30:49.1818860Z 
2023-09-13T15:30:49.1819053Z Turn off this advice by setting config variable advice.detachedHead to false
2023-09-13T15:30:49.1819281Z 
2023-09-13T15:30:49.1819523Z HEAD is now at aefd4d47 Merge d9ca61579ffd94164b1e03e301d04403d6e64723 into 40d426f9aca9697d4c5cb8ca0706ff5c61d0a0b5
2023-09-13T15:30:49.1821111Z ##[endgroup]
2023-09-13T15:30:49.1848277Z [command]/usr/bin/git log -1 --format='%H'
2023-09-13T15:30:49.1866015Z 'aefd4d479ab49dec35d5d23cdd7342002c9c67c9'
2023-09-13T15:30:49.2434902Z ##[group]Run echo "changed=$(git diff --name-only --diff-filter=ACMRT 40d426f9aca9697d4c5cb8ca0706ff5c61d0a0b5 aefd4d479ab49dec35d5d23cdd7342002c9c67c9 | grep -ve '^topics\/' -ve '^collections\/' | xargs)" >> $GITHUB_OUTPUT
2023-09-13T15:30:49.2435718Z [36;1mecho "changed=$(git diff --name-only --diff-filter=ACMRT 40d426f9aca9697d4c5cb8ca0706ff5c61d0a0b5 aefd4d479ab49dec35d5d23cdd7342002c9c67c9 | grep -ve '^topics\/' -ve '^collections\/' | xargs)" >> $GITHUB_OUTPUT[0m
2023-09-13T15:30:49.2498518Z shell: /usr/bin/bash -e {0}
2023-09-13T15:30:49.2498784Z ##[endgroup]
2023-09-13T15:30:49.2800199Z ##[group]Run ruby/setup-ruby@v1
2023-09-13T15:30:49.2800437Z with:
2023-09-13T15:30:49.2800635Z   bundler-cache: true
2023-09-13T15:30:49.2800844Z   ruby-version: default
2023-09-13T15:30:49.2801044Z ##[endgroup]
2023-09-13T15:30:49.5254353Z Using 3.1.2 as input from file .ruby-version
2023-09-13T15:30:49.5314682Z ##[group]Modifying PATH
2023-09-13T15:30:49.5315238Z Entries added to PATH to use selected Ruby:
2023-09-13T15:30:49.5317886Z   /opt/hostedtoolcache/Ruby/3.1.2/x64/bin
2023-09-13T15:30:49.5318427Z ##[endgroup]
2023-09-13T15:30:49.5338040Z ##[group]Downloading Ruby
2023-09-13T15:30:49.5340118Z https://github.com/ruby/ruby-builder/releases/download/toolcache/ruby-3.1.2-ubuntu-22.04.tar.gz
2023-09-13T15:30:49.8484029Z Took   0.31 seconds
2023-09-13T15:30:49.8484937Z ##[endgroup]
2023-09-13T15:30:49.8485498Z ##[group]Extracting  Ruby
2023-09-13T15:30:49.8516010Z [command]/usr/bin/tar -xz -C /opt/hostedtoolcache/Ruby/3.1.2 -f /home/runner/work/_temp/cacbc6d4-22ed-416c-a77e-819063db65d3
2023-09-13T15:30:50.3585565Z Took   0.51 seconds
2023-09-13T15:30:50.3586508Z ##[endgroup]
2023-09-13T15:30:50.3587360Z ##[group]Print Ruby version
2023-09-13T15:30:50.3599748Z [command]/opt/hostedtoolcache/Ruby/3.1.2/x64/bin/ruby --version
2023-09-13T15:30:50.3816848Z ruby 3.1.2p20 (2022-04-12 revision 4491bb740a) [x86_64-linux]
2023-09-13T15:30:50.3835996Z Took   0.02 seconds
2023-09-13T15:30:50.3836984Z ##[endgroup]
2023-09-13T15:30:50.3837668Z ##[group]Installing Bundler
2023-09-13T15:30:50.3848180Z Using Bundler 2 shipped with ruby-3.1.2
2023-09-13T15:30:50.3852375Z Took   0.00 seconds
2023-09-13T15:30:50.3855554Z ##[endgroup]
2023-09-13T15:30:50.3859372Z > bundle install
2023-09-13T15:30:50.3878702Z [command]/opt/hostedtoolcache/Ruby/3.1.2/x64/bin/bundle config --local path /home/runner/work/explore/explore/vendor/bundle
2023-09-13T15:30:50.5607772Z [command]/opt/hostedtoolcache/Ruby/3.1.2/x64/bin/bundle lock
2023-09-13T15:30:53.2632875Z Fetching gem metadata from https://rubygems.org/.........
2023-09-13T15:30:56.2024517Z Resolving dependencies.................................................................................
2023-09-13T15:30:56.2265993Z Writing lockfile to /home/runner/work/explore/explore/Gemfile.lock
2023-09-13T15:30:56.2533389Z Cache key: setup-ruby-bundler-cache-v6-ubuntu-22.04-x64-ruby-3.1.2-wd-/home/runner/work/explore/explore-with--without--Gemfile.lock-9a01dff4ec7e48598b77f46a078ec6db2e0296dc234a996dd1881fcd8c25c7d6
2023-09-13T15:30:57.4061334Z Received 32063299 of 44646211 (71.8%), 30.5 MBs/sec
2023-09-13T15:30:58.4074569Z Received 32063299 of 44646211 (71.8%), 15.3 MBs/sec
2023-09-13T15:30:59.4087807Z Received 32063299 of 44646211 (71.8%), 10.2 MBs/sec
2023-09-13T15:31:00.4098535Z Received 32063299 of 44646211 (71.8%), 7.6 MBs/sec
2023-09-13T15:31:01.4112749Z Received 32063299 of 44646211 (71.8%), 6.1 MBs/sec
2023-09-13T15:31:01.6568107Z Received 44646211 of 44646211 (100.0%), 8.1 MBs/sec
2023-09-13T15:31:01.6654347Z Cache Size: ~43 MB (44646211 B)
2023-09-13T15:31:01.6728024Z [command]/usr/bin/tar -xf /home/runner/work/_temp/1d6fb0bc-5429-4c70-9095-00aed2dfbf58/cache.tzst -P -C /home/runner/work/explore/explore --use-compress-program unzstd
2023-09-13T15:31:02.0235907Z Cache restored successfully
2023-09-13T15:31:02.0310376Z Found cache for key: setup-ruby-bundler-cache-v6-ubuntu-22.04-x64-ruby-3.1.2-wd-/home/runner/work/explore/explore-with--without--Gemfile.lock-9a01dff4ec7e48598b77f46a078ec6db2e0296dc234a996dd1881fcd8c25c7d6
2023-09-13T15:31:02.0322261Z [command]/opt/hostedtoolcache/Ruby/3.1.2/x64/bin/bundle install --jobs 4
2023-09-13T15:31:02.3626299Z Using rake 13.0.6
2023-09-13T15:31:02.3631114Z Using RedCloth 4.2.9
2023-09-13T15:31:02.3631592Z Using concurrent-ruby 1.2.2
2023-09-13T15:31:02.3638951Z Using i18n 1.14.1
2023-09-13T15:31:02.3639193Z Using minitest 5.20.0
2023-09-13T15:31:02.3643118Z Using tzinfo 2.0.6
2023-09-13T15:31:02.3646775Z Using activesupport 7.0.8
2023-09-13T15:31:02.3650272Z Using addressable 2.4.0
2023-09-13T15:31:02.3654313Z Using ast 2.4.2
2023-09-13T15:31:02.3658602Z Using base64 0.1.1
2023-09-13T15:31:02.3711624Z Using blankslate 2.1.2.4
2023-09-13T15:31:02.3711950Z Using bundler 2.3.7
2023-09-13T15:31:02.3712745Z Using fast-stemmer 1.0.2
2023-09-13T15:31:02.3713126Z Using matrix 0.4.2
2023-09-13T15:31:02.3713447Z Using classifier-reborn 2.3.0
2023-09-13T15:31:02.3713706Z Using coderay 1.1.3
2023-09-13T15:31:02.3714076Z Using coffee-script-source 1.12.2
2023-09-13T15:31:02.3714393Z Using execjs 2.9.0
2023-09-13T15:31:02.3714676Z Using coffee-script 2.4.1
2023-09-13T15:31:02.3714978Z Using colorator 0.1
2023-09-13T15:31:02.3715217Z Using ffi 1.15.5
2023-09-13T15:31:02.3715425Z Using ethon 0.16.0
2023-09-13T15:31:02.3715762Z Using faraday-net_http 3.0.2
2023-09-13T15:31:02.3716079Z Using ruby2_keywords 0.0.5
2023-09-13T15:31:02.3716374Z Using faraday 2.7.11
2023-09-13T15:31:02.3716622Z Using fastimage 2.2.7
2023-09-13T15:31:02.3716841Z Using gemoji 2.1.0
2023-09-13T15:31:02.3717078Z Using net-dns 0.9.0
2023-09-13T15:31:02.3717306Z Using public_suffix 1.5.3
2023-09-13T15:31:02.3724626Z Using typhoeus 0.8.0
2023-09-13T15:31:02.3724980Z Using github-pages-health-check 0.6.1
2023-09-13T15:31:02.3727770Z Using jekyll-coffeescript 1.0.1
2023-09-13T15:31:02.3730217Z Using jekyll-gist 1.3.5
2023-09-13T15:31:02.3733415Z Using jekyll-paginate 1.1.0
2023-09-13T15:31:02.3738750Z Using rb-fsevent 0.11.2
2023-09-13T15:31:02.3743110Z Using rb-inotify 0.10.1
2023-09-13T15:31:02.3747525Z Using sass-listen 4.0.0
2023-09-13T15:31:02.3752295Z Using sass 3.7.4
2023-09-13T15:31:02.3757309Z Using jekyll-sass-converter 1.3.0
2023-09-13T15:31:02.3761588Z Using listen 3.8.0
2023-09-13T15:31:02.3766041Z Using jekyll-watch 1.5.1
2023-09-13T15:31:02.3770633Z Using kramdown 1.5.0
2023-09-13T15:31:02.3774105Z Using liquid 2.6.2
2023-09-13T15:31:02.3778258Z Using mercenary 0.3.6
2023-09-13T15:31:02.3780702Z Using posix-spawn 0.3.15
2023-09-13T15:31:02.3792674Z Using yajl-ruby 1.2.3
2023-09-13T15:31:02.3797185Z Using pygments.rb 0.6.3
2023-09-13T15:31:02.3798860Z Using redcarpet 3.3.2
2023-09-13T15:31:02.3802606Z Using safe_yaml 1.0.5
2023-09-13T15:31:02.3807593Z Using parslet 1.5.0
2023-09-13T15:31:02.3811843Z Using toml 0.1.2
2023-09-13T15:31:02.3821284Z Using jekyll 2.4.0
2023-09-13T15:31:02.3826340Z Using jekyll-feed 0.3.1
2023-09-13T15:31:02.3827913Z Using racc 1.7.1
2023-09-13T15:31:02.3840930Z Using nokogiri 1.15.4 (x86_64-linux)
2023-09-13T15:31:02.3841269Z Using html-pipeline 1.9.0
2023-09-13T15:31:02.3843014Z Using jekyll-mentions 0.2.1
2023-09-13T15:31:02.3846427Z Using jekyll-redirect-from 0.8.0
2023-09-13T15:31:02.3851552Z Using jekyll-sitemap 0.8.1
2023-09-13T15:31:02.3855889Z Using jemoji 0.5.0
2023-09-13T15:31:02.3859786Z Using maruku 0.7.0
2023-09-13T15:31:02.3861365Z Using rdiscount 2.1.7
2023-09-13T15:31:02.3865764Z Using terminal-table 1.6.0
2023-09-13T15:31:02.3873389Z Using github-pages 39
2023-09-13T15:31:02.3877714Z Using mini_mime 1.1.5
2023-09-13T15:31:02.3881357Z Using multi_xml 0.6.0
2023-09-13T15:31:02.3885228Z Using httparty 0.21.0
2023-09-13T15:31:02.3886818Z Using json 2.6.3
2023-09-13T15:31:02.3892531Z Using language_server-protocol 3.17.0.3
2023-09-13T15:31:02.3896469Z Using method_source 1.0.0
2023-09-13T15:31:02.3900388Z Using sawyer 0.9.2
2023-09-13T15:31:02.3904659Z Using octokit 7.1.0
2023-09-13T15:31:02.3908594Z Using parallel 1.23.0
2023-09-13T15:31:02.3915118Z Using parser 3.2.2.3
2023-09-13T15:31:02.3919527Z Using pry 0.14.2
2023-09-13T15:31:02.3923385Z Using rainbow 3.1.1
2023-09-13T15:31:02.3927164Z Using regexp_parser 2.8.1
2023-09-13T15:31:02.3931769Z Using rexml 3.2.6
2023-09-13T15:31:02.3936930Z Using rubocop-ast 1.29.0
2023-09-13T15:31:02.3941837Z Using ruby-progressbar 1.13.0
2023-09-13T15:31:02.3946473Z Using unicode-display_width 2.4.2
2023-09-13T15:31:02.3952364Z Using rubocop 1.56.3
2023-09-13T15:31:02.3958091Z Using rubocop-performance 1.19.0
2023-09-13T15:31:02.3961802Z Using webrick 1.8.1
2023-09-13T15:31:02.4016296Z Bundle complete! 11 Gemfile dependencies, 84 gems now installed.
2023-09-13T15:31:02.4018358Z Bundled gems are installed into `./vendor/bundle`
2023-09-13T15:31:02.4065634Z Took  12.02 seconds
2023-09-13T15:31:02.4189238Z ##[group]Run bundle exec rake all
2023-09-13T15:31:02.4189533Z [36;1mbundle exec rake all[0m
2023-09-13T15:31:02.4250562Z shell: /usr/bin/bash -e {0}
2023-09-13T15:31:02.4250821Z env:
2023-09-13T15:31:02.4251466Z   GITHUB_TOKEN: ***
2023-09-13T15:31:02.4251690Z   TOPIC_FILES: 
2023-09-13T15:31:02.4251904Z   COLLECTION_FILES: 
2023-09-13T15:31:02.4252144Z   TEST_ALL_FILES: CONTRIBUTING.md
2023-09-13T15:31:02.4252369Z ##[endgroup]
2023-09-13T15:31:03.1986735Z To use retry middleware with Faraday v2.0+, install `faraday-retry` gem
2023-09-13T15:31:03.4690518Z Run options: --seed 6696
2023-09-13T15:31:03.4691004Z 
2023-09-13T15:31:03.4691917Z # Running:
2023-09-13T15:31:03.4692259Z 
2023-09-13T15:33:23.8478978Z Repo api was called 0 times!
2023-09-13T15:33:23.8480923Z User api was called 0 times!
2023-09-13T15:33:23.8619929Z ..............................................................................................................................................................................................................................................................................................................................................................................................................................................................................................................................................................................................................................................................................................................................................................................................................................................................................................................................................................................................................................................................................................................................................................................................................................................................................................................................................................................................................................................................................................................................................................................................................................................................................................................................................................................................................................................................................................................................................................................................................................................................................................................................................................................................................................................................................................................................................................................................................................................................................................................................................................................................................................................................................................................................................................................................................................................................................................................................................................................................................................................................................................................................................................................................................................................................................................................................................................................................................................................................................................................................................................................................................................................................................................................................................................................................................................................................................................................................................................................................................................................................................................................................................................................................................................................................................................................................................................................................................................................................................................................................................................................................................................................................................................................................................................................................................................................................................................................................................................................................................................................................................................................................................................................................................................................................................................................................................................................................................................................................................................................................................................................................................................................................................................................................................................................................................................................................................................................................................................................................................................................................................................................................................................................................................................................................................................................................................................................................................................................................................................................................................................................................................................................................................................................................................................................................................................................................................................................................................................................................................................................................................................................................................................................................................................................................................................................................................................................................................................................................................................................................................................................................................................................................................................................................................................................................................................................................................................................................................................................................................................................................................................................................................................................................................................................................................................................................................................................................................................................................................................................................................................................................................................................................................................................................................................................................................................................................................................................................................................................................................................................................................................................................................................................................................................................................................................................................................................................................................................................................................................................................................................................................................................................................................................................................................................................................................................................................................................................................................................................................................................................................................................................................................................................................................................................................................................................................................................................................................................................................................................................................................................................................................................................................................................................................................................................................................................................................................................................................................................................................................................................................................................................................................................................................................................................................................................................................................................................................................................................................................................................................................................................................................................................................................................................................................................................................................................................................................................................................................................................................................................................................................................................................................................................................................................................................................................................................................................................................................................................................................................................................................................................................................................................................................................................................................................................................................................................................................................................................................................................................................................................................................................................................................................................................................................................................................................................................................................................................................................................................................................................................................................................................................................................................................................................................................................................................................................................................................................................................................................................................................................................................................................................................................................................................................................................................................................................................................................................................................................................................................................................................................................................................................................................................................................................................................................................................................................................................................................................................................................................................................................................................................................................................................................................................................................................................................................................................................................................................................................................................................................................................................................................................................................................................................................................................................................................................................................................................................................................................................................................................................................................................................................................................................................................................................................................................................................................................................................................................................................................................................................................................................................................................................................................................................................................................................................................................................................................................................................................................................................................................................................................................................................................................................................................................................................................................................................................................................................................................................................................................................................................................................................................................................................................................................................................................................................................................................................................................................................................................................................................................................................................................................................................................................................................................................................................................................................................................................................................................................................................................................................................................................................................................................................................................................................................................................................................................................................................................................................................................................................................................................................................................................................................................................................................................................................................................................................................................................................................................................................................................................................................................................................................................................................................................................................................................................................................................................................................................................................................................................................................................................................................................................................................................................................................................................................................................................................................................................................................................................................................................................................................................................................................................................................................................................................................................................................................................................................................................................................................................................................................................................................................................................................................................................................................................................................................................................................................................................................................................................................................................................................................................................................................................................................................................................................................................................................................................................................................................................................................................................................................................................................................................................................................................................................................................................................................................................................................................................................................................................................................................................................................................................................................................................................................................................................................................................................................................................................................................................................................................................................................................................................................................................................................................................................................................................................................................................................................................................................................................................................................................................................................................................................................................................................................................................................................................................................................................................................................................................................................................................................................................................................................................................................................................................................................................................................................................................................................................................................................................................................................................................................................................................................................................................................................................................................................................................................................................................................................................................................................................................................................................................................................................................................................................................................................................................................................................................................................................................................................................................................................................................................................................................................................................................................................................................................................................................................................................................................................................................................................................................................................................................................................................................................................................................................................................................................................................................................................................................................................................................................................................................................................................................................................................................................................................................................................................................................................................................................................................................................................................................................................................................................
2023-09-13T15:33:23.8630439Z 
2023-09-13T15:33:23.8631127Z Finished in 140.382860s, 184.8516 runs/s, 9254.2565 assertions/s.
2023-09-13T15:33:23.8631909Z 
2023-09-13T15:33:23.8632226Z 25950 runs, 1299139 assertions, 0 failures, 0 errors, 0 skips
2023-09-13T15:33:23.8896768Z Post job cleanup.
2023-09-13T15:33:23.9820269Z [command]/usr/bin/git version
2023-09-13T15:33:23.9870736Z git version 2.42.0
2023-09-13T15:33:23.9917769Z Temporarily overriding HOME='/home/runner/work/_temp/a686b3f7-e92f-4d55-ac88-60cd6c0fb2a6' before making global git config changes
2023-09-13T15:33:23.9918484Z Adding repository directory to the temporary git global config as a safe directory
2023-09-13T15:33:23.9923168Z [command]/usr/bin/git config --global --add safe.directory /home/runner/work/explore/explore
2023-09-13T15:33:23.9961865Z [command]/usr/bin/git config --local --name-only --get-regexp core\.sshCommand
2023-09-13T15:33:23.9997830Z [command]/usr/bin/git submodule foreach --recursive sh -c "git config --local --name-only --get-regexp 'core\.sshCommand' && git config --local --unset-all 'core.sshCommand' || :"
2023-09-13T15:33:24.0302111Z [command]/usr/bin/git config --local --name-only --get-regexp http\.https\:\/\/github\.com\/\.extraheader
2023-09-13T15:33:24.0302627Z http.https://github.com/.extraheader
2023-09-13T15:33:24.0303434Z [command]/usr/bin/git config --local --unset-all http.https://github.com/.extraheader
2023-09-13T15:33:24.0332769Z [command]/usr/bin/git submodule foreach --recursive sh -c "git config --local --name-only --get-regexp 'http\.https\:\/\/github\.com\/\.extraheader' && git config --local --unset-all 'http.https://github.com/.extraheader' || :"
2023-09-13T15:33:24.0930347Z Cleaning up orphan processes
